---
source: src/main.rs
expression: "javap(\"classes/Dummy.class\", true)"
---
"Classfile /home/jbalint/sw/rust-sw/jvm-class-file-parser/classes/Dummy.class\n  Compiled from: \"Dummy.java\"\nclass Dummy\n  minor version: 0\n  major version: 55\n  flags: ACC_PUBLIC, ACC_SUPER\nConstant pool:\n   #1 = Methodref           #3.#10          // java/lang/Object.\"<init>\":()V\n   #2 = Class               #11             // Dummy\n   #3 = Class               #12             // java/lang/Object\n   #4 = Utf8                <init>\n   #5 = Utf8                ()V\n   #6 = Utf8                Code\n   #7 = Utf8                LineNumberTable\n   #8 = Utf8                SourceFile\n   #9 = Utf8                Dummy.java\n  #10 = NameAndType         #4:#5           // \"<init>\":()V\n  #11 = Utf8                Dummy\n  #12 = Utf8                java/lang/Object\nAttributes:\n  SourceFile = \"Dummy.java\"\n{\n  Dummy();\n    descriptor: ()V\n    flags: TODO\n    Code:      stack=1, locals=1, args_size=TODO          0: aload_0                            \n          1: invokespecial #1                   \n          4: return                             \n}\nSourceFile: \"Dummy.java\"\n"
